../Core/Src/main.c:656:13:MX_GPIO_Init	40	static
../Core/Src/main.c:638:13:MX_DMA_Init	16	static
../Core/Src/main.c:125:6:HAL_ADC_ConvCpltCallback	8	static
../Core/Src/main.c:300:7:HAL_TIM_PeriodElapsedCallback	24	static
../Core/Src/main.c:693:6:Error_Handler	0	static,ignoring_inline_asm
../Core/Src/main.c:391:13:MX_ADC1_Init	24	static
../Core/Src/main.c:468:13:MX_TIM1_Init	120	static
../Core/Src/main.c:550:13:MX_TIM3_Init	64	static
../Core/Src/main.c:609:13:MX_TIM14_Init	8	static
../Core/Src/main.c:354:6:SystemClock_Config	56	static
../Core/Src/main.c:151:5:main	40	static
