../Core/Src/main.c:718:13:MX_GPIO_Init	40	static
../Core/Src/main.c:700:13:MX_DMA_Init	16	static
../Core/Src/main.c:130:6:HAL_ADC_ConvCpltCallback	8	static
../Core/Src/main.c:341:7:HAL_TIM_PeriodElapsedCallback	8	static
../Core/Src/main.c:755:6:Error_Handler	0	static,ignoring_inline_asm
../Core/Src/main.c:453:13:MX_ADC1_Init	24	static
../Core/Src/main.c:530:13:MX_TIM1_Init	120	static
../Core/Src/main.c:612:13:MX_TIM3_Init	64	static
../Core/Src/main.c:671:13:MX_TIM14_Init	8	static
../Core/Src/main.c:416:6:SystemClock_Config	56	static
../Core/Src/main.c:156:5:main	40	static
